// Jest Snapshot v1, https://goo.gl/fbAQLP

exports[`tests in Login Screen matches snapshot 1`] = `
<View
  style={
    Array [
      Object {
        "alignItems": "center",
        "backgroundColor": "#f3f3f3",
        "flexBasis": 0,
        "flexGrow": 1,
        "flexShrink": 1,
        "justifyContent": "center",
        "paddingBottom": 10,
        "paddingLeft": 10,
        "paddingRight": 10,
        "paddingTop": 10,
      },
    ]
  }
>
  <View
    style={
      Array [
        Object {
          "alignItems": "center",
          "backgroundColor": "#323b4a",
          "height": 60,
          "justifyContent": "center",
          "width": 60,
        },
      ]
    }
  >
    <Image
      height={150}
      source={
        Object {
          "testUri": "../../../src/assets/images/logo.jpg",
        }
      }
      style={
        Array [
          Object {
            "borderRadius": 50,
            "height": 100,
            "width": 100,
          },
        ]
      }
      width={150}
    />
  </View>
  <View
    style={
      Array [
        Object {
          "alignItems": "center",
          "backgroundColor": "#f3f3f3",
          "borderColor": "#000",
          "borderRadius": 10,
          "borderWidth": 1,
          "flexDirection": "row",
          "height": 50,
          "justifyContent": "flex-start",
          "marginBottom": 15,
          "marginTop": 50,
          "width": "100%",
        },
      ]
    }
  >
    <View
      style={
        Array [
          Object {
            "alignItems": "flex-start",
            "height": 50,
            "justifyContent": "center",
            "width": "12%",
          },
        ]
      }
    >
      <Text
        allowFontScaling={false}
        style={
          Array [
            Object {
              "color": "#808080",
              "fontSize": 20,
            },
            Array [
              Object {
                "marginLeft": 10,
              },
            ],
            Object {
              "fontFamily": "Feather",
              "fontStyle": "normal",
              "fontWeight": "normal",
            },
            Object {},
          ]
        }
      >
        ïˆ„
      </Text>
    </View>
    <View
      style={
        Array [
          Object {
            "height": 50,
            "width": "88%",
          },
        ]
      }
    >
      <TextInput
        onChangeText={[Function]}
        placeholder="User name..."
        placeholderTextColor="#808080"
      />
    </View>
  </View>
  <View
    accessible={true}
    collapsable={false}
    focusable={true}
    onClick={[Function]}
    onResponderGrant={[Function]}
    onResponderMove={[Function]}
    onResponderRelease={[Function]}
    onResponderTerminate={[Function]}
    onResponderTerminationRequest={[Function]}
    onStartShouldSetResponder={[Function]}
    style={
      Object {
        "alignItems": "center",
        "backgroundColor": "#323b4a",
        "borderRadius": 8,
        "justifyContent": "center",
        "opacity": 1,
        "paddingBottom": 10,
        "paddingLeft": 10,
        "paddingRight": 10,
        "paddingTop": 10,
        "width": "100%",
      }
    }
  >
    <Text
      style={
        Array [
          Object {
            "color": "#FFF",
            "fontFamily": "Poppins-Bold",
            "fontSize": 18,
            "textAlign": "center",
          },
        ]
      }
    >
      Login
    </Text>
  </View>
</View>
`;
